// Jest Snapshot v1, https://goo.gl/fbAQLP

exports[`Render 1 1 1`] = `
"<body>
  <div
    id=\\"root\\"
  />
  <div />
</body>"
`;
