// Jest Snapshot v1, https://goo.gl/fbAQLP

exports[`Render 1 1 1`] = `
<DocumentFragment>
  <div
    class="ui borderless menu"
  >
    <div
      class="item"
      tabindex="0"
    >
      <i
        class="icons em__icon-group-margin"
      >
        <i
          aria-hidden="true"
          class="user icon"
        />
        <i
          aria-hidden="true"
          class="orange cogs top right corner icon"
        />
      </i>
      Users (4)
    </div>
    <div
      class="right menu"
    >
      <div
        class="item"
        tabindex="0"
      >
        <div
          class="ui transparent icon input"
        >
          <input
            placeholder="Search..."
            type="text"
          />
          <i
            aria-hidden="true"
            class="search icon"
          />
        </div>
      </div>
    </div>
  </div>
  <table
    class="ui selectable striped unstackable table"
    data-testid="users-table"
  >
    <thead
      class=""
    >
      <tr
        class=""
      >
        <th
          class="users__col-large"
        >
          Username
        </th>
        <th
          class="users__col-large dl__hidden-on-mobile"
        >
          Email
        </th>
      </tr>
    </thead>
    <tbody
      class="ut__tbody"
    >
      <tr
        class=""
      >
        <td
          class=""
        >
          heartfull-cougar
        </td>
        <td
          class="dl__hidden-on-mobile"
        >
          heartfull-cougar@email.com
        </td>
      </tr>
      <tr
        class=""
      >
        <td
          class=""
        >
          credible-lyrebird
        </td>
        <td
          class="dl__hidden-on-mobile"
        />
      </tr>
      <tr
        class=""
      >
        <td
          class=""
        >
          perfect-oryx
        </td>
        <td
          class="dl__hidden-on-mobile"
        >
          perfect-oryx@email.com
        </td>
      </tr>
      <tr
        class=""
      >
        <td
          class=""
        >
          super
        </td>
        <td
          class="dl__hidden-on-mobile"
        >
          super@email.com
        </td>
      </tr>
      <tr
        class=""
      >
        <td
          class=""
          colspan="100"
          style="padding: 0.785714em; height: 42px; color: transparent;"
        >
           
        </td>
      </tr>
      <tr
        class=""
      >
        <td
          class=""
          colspan="100"
          style="padding: 0.785714em; height: 42px; color: transparent;"
        >
           
        </td>
      </tr>
      <tr
        class=""
      >
        <td
          class=""
          colspan="100"
          style="padding: 0.785714em; height: 42px; color: transparent;"
        >
           
        </td>
      </tr>
      <tr
        class=""
      >
        <td
          class=""
          colspan="100"
          style="padding: 0.785714em; height: 42px; color: transparent;"
        >
           
        </td>
      </tr>
      <tr
        class=""
      >
        <td
          class=""
          colspan="100"
          style="padding: 0.785714em; height: 42px; color: transparent;"
        >
           
        </td>
      </tr>
      <tr
        class=""
      >
        <td
          class=""
          colspan="100"
          style="padding: 0.785714em; height: 42px; color: transparent;"
        >
           
        </td>
      </tr>
    </tbody>
    <tfoot
      class=""
    >
      <tr
        class=""
      >
        <th
          class=""
          colspan="7"
        >
          <div
            aria-label="Pagination Navigation"
            class="ui mini borderless pagination menu"
            name="users"
            role="navigation"
          >
            <a
              aria-current="false"
              aria-disabled="false"
              aria-label="Previous item"
              class="item"
              tabindex="0"
              type="prevItem"
              value="1"
            >
              ⟨
            </a>
            <a
              aria-current="true"
              aria-disabled="false"
              class="active item"
              tabindex="0"
              type="pageItem"
              value="1"
            >
              1
            </a>
            <a
              aria-current="false"
              aria-disabled="false"
              aria-label="Next item"
              class="item"
              tabindex="0"
              type="nextItem"
              value="1"
            >
              ⟩
            </a>
          </div>
        </th>
      </tr>
    </tfoot>
  </table>
</DocumentFragment>
`;
