// Jest Snapshot v1, https://goo.gl/fbAQLP

exports[`Modal close 1`] = `<DocumentFragment />`;

exports[`Modal close 2`] = `<DocumentFragment />`;

exports[`Pagination 1`] = `<DocumentFragment />`;

exports[`Pagination 2`] = `<DocumentFragment />`;

exports[`Pagination 3`] = `<DocumentFragment />`;

exports[`Pagination 4`] = `<DocumentFragment />`;

exports[`Pagination 5`] = `<DocumentFragment />`;

exports[`Participant only 1`] = `<DocumentFragment />`;

exports[`Render 1 1 1`] = `<DocumentFragment />`;

exports[`Render 1 1 2`] = `<DocumentFragment />`;

exports[`Researcher only 1`] = `<DocumentFragment />`;

exports[`Search participants 1`] = `<DocumentFragment />`;

exports[`Search participants 2`] = `<DocumentFragment />`;

exports[`Search participants 3`] = `<DocumentFragment />`;

exports[`Search participants 4`] = `<DocumentFragment />`;

exports[`Search participants 5`] = `<DocumentFragment />`;

exports[`Search participants 6`] = `<DocumentFragment />`;

exports[`Search participants 7`] = `<DocumentFragment />`;

exports[`Search participants 8`] = `<DocumentFragment />`;

exports[`Search participants 9`] = `<DocumentFragment />`;

exports[`Search participants 10`] = `<DocumentFragment />`;

exports[`Search participants 11`] = `<DocumentFragment />`;

exports[`Search participants 12`] = `<DocumentFragment />`;

exports[`Search participants 13`] = `<DocumentFragment />`;

exports[`Super admin 1`] = `<DocumentFragment />`;

exports[`Super admin 2`] = `<DocumentFragment />`;
