// Jest Snapshot v1, https://goo.gl/fbAQLP

exports[`Render 1 1 1`] = `
<DocumentFragment>
  <h3
    class="ui header"
  >
    There are 3 participants available:
  </h3>
  <div
    class="ui padded grid"
  >
    <div
      class="row"
    >
      <div
        aria-expanded="false"
        class="ui fluid multiple search selection scrolling dropdown"
        name="invitees"
        role="combobox"
      >
        <input
          aria-autocomplete="list"
          autocomplete="off"
          class="search"
          tabindex="0"
          type="text"
          value=""
        />
        <span
          class="sizer"
        />
        <i
          aria-hidden="true"
          class="dropdown icon"
        />
        <div
          aria-multiselectable="true"
          class="menu transition"
          role="listbox"
        >
          <div
            aria-checked="false"
            aria-selected="true"
            class="selected item"
            role="option"
            searchable="
      Super User
      super
      super
      super@email.com
      participant super_admin facilitator researcher
    "
            style="pointer-events: all;"
          >
            <span
              aria-label="Super User (super)"
              class="ui medium text"
              title="Super User (super)"
            >
              Super User
            </span>
             
            <i
              aria-hidden="true"
              class="small icon chess queen"
              style="margin-right: 0px; margin-bottom: 0.3em; margin-left: 0.25em; opacity: 0.25;"
              title="Super"
            />
          </div>
          <div
            aria-checked="false"
            aria-selected="false"
            class="item"
            role="option"
            searchable="
      null
      credible-lyrebird
      credible lyrebird
      null
      participant
    "
            style="pointer-events: all;"
          >
            <span
              aria-label="credible-lyrebird"
              class="ui medium text"
              title="credible-lyrebird"
            >
              credible-lyrebird
            </span>
             
          </div>
          <div
            aria-checked="false"
            aria-selected="false"
            class="item"
            role="option"
            searchable="
      Heartfull Cougar
      heartfull-cougar
      heartfull cougar
      heartfull-cougar@email.com
      participant facilitator
    "
            style="pointer-events: all;"
          >
            <span
              aria-label="Heartfull Cougar (heartfull-cougar)"
              class="ui medium text"
              title="Heartfull Cougar (heartfull-cougar)"
            >
              Heartfull Cougar
            </span>
             
            <i
              aria-hidden="true"
              class="small icon chalkboard teacher"
              style="margin-right: 0px; margin-bottom: 0.3em; margin-left: 0.25em; opacity: 0.25;"
              title="Facilitator"
            />
          </div>
          <div
            aria-checked="false"
            aria-selected="false"
            class="item"
            role="option"
            searchable="
      Perfect Oryx
      perfect-oryx
      perfect oryx
      perfect-oryx@email.com
      participant facilitator
    "
            style="pointer-events: all;"
          >
            <span
              aria-label="Perfect Oryx (perfect-oryx)"
              class="ui medium text"
              title="Perfect Oryx (perfect-oryx)"
            >
              Perfect Oryx
            </span>
             
            <i
              aria-hidden="true"
              class="small icon chalkboard teacher"
              style="margin-right: 0px; margin-bottom: 0.3em; margin-left: 0.25em; opacity: 0.25;"
              title="Facilitator"
            />
          </div>
        </div>
      </div>
    </div>
  </div>
</DocumentFragment>
`;
