// Jest Snapshot v1, https://goo.gl/fbAQLP

exports[`Render 1 1 1`] = `
<DocumentFragment>
  <div
    class="ui centered card scenario__slide-card"
  >
    <div
      class="content scenario__slide-card-header"
    >
      <div
        class="header"
      >
        <div
          class="ui fluid buttons"
        >
          <a
            class="ui primary button"
            href="/scenarios"
            role="button"
          >
            Return to scenarios
          </a>
          <div
            class="or"
          />
          <button
            class="ui button"
          >
            Rerun this scenario
          </button>
        </div>
      </div>
    </div>
    <div
      class="content scenario__slide-card-content-preview"
      tabindex="0"
    />
  </div>
</DocumentFragment>
`;
