// Jest Snapshot v1, https://goo.gl/fbAQLP

exports[`Render 1 1 1`] = `
<DocumentFragment>
  <div
    aria-describedby="x2"
    aria-labelledby="x1"
    class="ui card sc sc__margin-height"
  >
    <div
      class="content"
    >
      <div
        class="meta sc__meta-top"
      >
        <i
          aria-hidden="true"
          class="edit icon primary"
        />
        Draft
      </div>
      <div
        aria-label="Multiplayer Scenario 2 is a solo scenario."
        class="header sc sc__cursor-pointer"
        id="x1"
        tabindex="0"
        title="Multiplayer Scenario 2 is a solo scenario."
      >
        <i
          aria-hidden="true"
          class="user icon primary"
        />
        Multiplayer Scenario 2
      </div>
      <div
        class="meta"
      >
        <p>
          Created 
          <time
            class="sc__time"
            datetime="2020-08-31T17:50:28.089Z"
          >
            8 months ago
          </time>
        </p>
      </div>
      <div
        class="description"
      >
        <p>
          This is the description of 'A Multiplayer Scenario'â€¦
        </p>
      </div>
      <div
        class="meta sc__footer"
      >
        <div
          class="ui labels"
        >
          <button
            aria-label="Click for scenarios labelled a"
            class="ui small label"
            tabindex="0"
            value="a"
          >
            a
          </button>
          <button
            aria-label="Click for scenarios labelled b"
            class="ui small label"
            tabindex="0"
            value="b"
          >
            b
          </button>
        </div>
      </div>
    </div>
    <div
      class="extra content"
      tabindex="0"
    >
      <div
        class="ui fluid buttons"
      >
        <a
          aria-label="Run scenario"
          class="ui tiny icon button sc__button"
          href="/run/a5c52e7b6f/slide/0"
          role="button"
          tabindex="0"
        >
          <i
            aria-hidden="true"
            class="play icon primary"
          />
          <span
            class="sc__card-action-labels"
          >
            Run
          </span>
        </a>
        <a
          aria-label="Edit scenario"
          class="ui tiny icon button sc__button sc__hidden-on-mobile"
          href="/editor/42/slides/1"
          role="button"
          tabindex="0"
        >
          <i
            aria-hidden="true"
            class="edit outline icon primary"
          />
          <span
            class="sc__card-action-labels"
          >
            Edit
          </span>
        </a>
        <a
          aria-label="Copy scenario"
          class="ui tiny icon button sc__button sc__hidden-on-mobile"
          href="/editor/copy/42"
          role="button"
          tabindex="0"
        >
          <i
            aria-hidden="true"
            class="copy outline icon primary"
          />
          <span
            class="sc__card-action-labels"
          >
            Copy
          </span>
        </a>
      </div>
    </div>
  </div>
</DocumentFragment>
`;
