// Jest Snapshot v1, https://goo.gl/fbAQLP

exports[`Render 1 1 1`] = `
"<body>
  <div
    id=\\"root\\"
  />
  <div>
    <div
      aria-expanded=\\"false\\"
      class=\\"ui scrolling dropdown sp__dropdown\\"
      role=\\"listbox\\"
      tabindex=\\"0\\"
    >
      <i
        aria-hidden=\\"true\\"
        class=\\"dropdown icon\\"
      />
      <div
        class=\\"menu transition\\"
      >
        <div
          aria-checked=\\"true\\"
          aria-selected=\\"true\\"
          class=\\"active selected item\\"
          role=\\"option\\"
          style=\\"pointer-events: all;\\"
        >
          <span
            class=\\"text\\"
          >
            No selection
          </span>
        </div>
        <div
          aria-checked=\\"false\\"
          aria-selected=\\"false\\"
          class=\\"item\\"
          role=\\"option\\"
          style=\\"pointer-events: all;\\"
        >
          <table
            class=\\"ui table\\"
          >
            <thead
              class=\\"\\"
            >
              <tr
                class=\\"\\"
              >
                <th
                  class=\\"\\"
                  style=\\"color: rgb(0, 0, 0); background-color: rgb(255, 255, 255);\\"
                >
                  Participant
                </th>
              </tr>
            </thead>
            <tbody
              class=\\"\\"
            >
              <tr
                class=\\"\\"
              >
                <td
                  class=\\"\\"
                >
                  The default user participating in a single person scenario.
                </td>
              </tr>
            </tbody>
          </table>
        </div>
        <div
          aria-checked=\\"false\\"
          aria-selected=\\"false\\"
          class=\\"item\\"
          role=\\"option\\"
          style=\\"pointer-events: all;\\"
        >
          <table
            class=\\"ui table\\"
          >
            <thead
              class=\\"\\"
            >
              <tr
                class=\\"\\"
              >
                <th
                  class=\\"\\"
                  style=\\"color: rgb(255, 255, 255); background-color: rgb(63, 89, 169);\\"
                >
                  Teacher
                </th>
              </tr>
            </thead>
            <tbody
              class=\\"\\"
            >
              <tr
                class=\\"\\"
              >
                <td
                  class=\\"\\"
                >
                  A non-specific teacher, participating in a multi person scenario.
                </td>
              </tr>
            </tbody>
          </table>
        </div>
        <div
          aria-checked=\\"false\\"
          aria-selected=\\"false\\"
          class=\\"item\\"
          role=\\"option\\"
          style=\\"pointer-events: all;\\"
        >
          <table
            class=\\"ui table\\"
          >
            <thead
              class=\\"\\"
            >
              <tr
                class=\\"\\"
              >
                <th
                  class=\\"\\"
                  style=\\"color: rgb(0, 0, 0); background-color: rgb(229, 146, 53);\\"
                >
                  Student
                </th>
              </tr>
            </thead>
            <tbody
              class=\\"\\"
            >
              <tr
                class=\\"\\"
              >
                <td
                  class=\\"\\"
                >
                  A non-specific student, participating in a multi person scenario.
                </td>
              </tr>
            </tbody>
          </table>
        </div>
      </div>
    </div>
  </div>
</body>"
`;
