// Jest Snapshot v1, https://goo.gl/fbAQLP

exports[`Render 1 1 1`] = `
<DocumentFragment>
  <form
    class="ui form"
  >
    <div
      class="ui fluid container"
    >
      <div
        class="ui grid"
      >
        <div
          class="two column row"
        >
          <div
            class="column"
          >
            <div
              class="field"
            >
              <label
                for="timer"
              >
                Max duration for this discussion:
              </label>
              <div
                class="ui input"
              >
                <input
                  id="timer"
                  name="timer"
                  style="width: 54px;"
                  type="text"
                  value="00:00:00"
                />
              </div>
            </div>
          </div>
          <div
            class="column cpe__displaytime-outer"
          >
            <span
              class="ui large text"
            >
                
            </span>
          </div>
        </div>
        <div
          class="one column row cpe__gridrow"
        >
          <div
            class="column"
          >
            <div
              class="field"
            >
              <div
                class="ui checked checkbox"
              >
                <input
                  checked=""
                  class="hidden"
                  id="auto"
                  name="auto"
                  readonly=""
                  tabindex="0"
                  type="checkbox"
                  value=""
                />
                <label
                  for="auto"
                >
                  Automatically start the discussion timer when participants arrive?
                </label>
              </div>
            </div>
            <p
              class="cpe__paragraph"
              tabindex="0"
            >
              <i
                aria-hidden="true"
                class="attention icon"
              />
              Set the timer to 00:00:00 for an unlimited discussion time.
            </p>
            <p
              class="cpe__paragraph"
              tabindex="0"
            >
              <i
                aria-hidden="true"
                class="attention icon"
              />
              If the timer is set, the discussion will be marked 
              <strong>
                Required
              </strong>
              . This ensures that participants cannot move forward until completing the discussion. Hosts will be able to override the timer.
            </p>
            <p
              class="cpe__paragraph"
              tabindex="0"
            >
              <i
                aria-hidden="true"
                class="attention icon"
              />
              If no timer is set and this chat is set to 
              <strong>
                Required
              </strong>
              , the host 
              <strong>
                must
              </strong>
               close the discussion before participants can proceed. If no timer is set and this chat is not 
              <strong>
                not Required
              </strong>
              , the discussion can be optionally closed.
            </p>
          </div>
        </div>
        <div
          class="one column row"
        >
          <div
            class="column"
          >
            <div
              class="field"
            >
              <label>
                Optional prompt to display for this discussion:
              </label>
              <textarea
                aria-label="Optional prompt to display for this discussion:"
                name="prompt"
                rows="1"
              >
                xyz-prompt
              </textarea>
            </div>
          </div>
        </div>
      </div>
      <div
        class="ui grey message"
      >
        <div
          class="content"
        >
          <div
            class="required field"
          >
            <label>
              Data header
            </label>
            <div
              class="ui input"
            >
              <input
                name="header"
                required=""
                type="text"
                value="xyz-header"
              />
            </div>
          </div>
          This will only appear in data downloads, as the column header or row name.
        </div>
      </div>
    </div>
  </form>
</DocumentFragment>
`;
