// Jest Snapshot v1, https://goo.gl/fbAQLP

exports[`Render 1 1 1`] = `
<DocumentFragment>
  <i
    aria-label="Chat"
    class="chat icon"
  />
  Chat
</DocumentFragment>
`;
