// Jest Snapshot v1, https://goo.gl/fbAQLP

exports[`Render 1 1 1`] = `
<DocumentFragment>
  <div
    class="ui grid"
  >
    <div
      class="row ar__instructions"
    >
      <div
        class="column"
        tabindex="0"
      >
        Click the microphone to start recording
      </div>
    </div>
    <div
      class="two column row"
    >
      <div
        class="three wide column"
      >
        <button
          aria-label="Start recording"
          class="ui button ar__button"
        >
          <i
            class="big icons"
          >
            <i
              aria-hidden="true"
              class="circle outline large icon"
            />
            <i
              aria-hidden="true"
              class="microphone icon"
            />
            <i
              aria-hidden="true"
              class="red circle top right corner icon"
            />
          </i>
        </button>
      </div>
      <div
        class="column"
      >
        <audio
          controls=""
          controlslist="nodownload"
        />
      </div>
    </div>
  </div>
</DocumentFragment>
`;

exports[`Render 2 1 1`] = `"<form class=\\"ui form\\"><div class=\\"field\\"><textarea placeholder=\\"\\" name=\\"ABC\\" rows=\\"3\\"></textarea></div></form>"`;

exports[`Render 2 1 2`] = `
<DocumentFragment>
  <form
    class="ui form"
  >
    <div
      class="field"
    >
      <textarea
        name="ABC"
        placeholder=""
        rows="3"
      />
    </div>
  </form>
</DocumentFragment>
`;

exports[`Render 2 1 3`] = `
"<body>
  <div
    id=\\"root\\"
  />
  <div>
    <form
      class=\\"ui form\\"
    >
      <div
        class=\\"field\\"
      >
        <textarea
          name=\\"ABC\\"
          placeholder=\\"\\"
          rows=\\"3\\"
        />
      </div>
    </form>
  </div>
</body>"
`;

exports[`Render 2 1 4`] = `
"<body>
  <div
    id=\\"root\\"
  />
  <div>
    <form
      class=\\"ui form\\"
    >
      <div
        class=\\"field\\"
      >
        <textarea
          name=\\"ABC\\"
          placeholder=\\"\\"
          rows=\\"3\\"
        />
      </div>
    </form>
  </div>
</body>"
`;

exports[`Render 2 1 5`] = `
Object {
  "created_at": "2020-01-01T00:00:00.000Z",
  "ended_at": "2020-01-01T00:00:00.000Z",
  "name": "ABC",
  "transcript": "",
  "value": "something the user typed",
}
`;

exports[`Render 3 1 1`] = `"<div class=\\"ui grid\\"><div class=\\"row ar__instructions\\"><div tabindex=\\"0\\" class=\\"column\\">Click the microphone to start recording</div></div><div class=\\"two column row\\"><div class=\\"three wide column\\"><button aria-label=\\"Start recording\\" class=\\"ui button ar__button\\"><i class=\\"big icons\\"><i aria-hidden=\\"true\\" class=\\"circle outline large icon\\"></i><i aria-hidden=\\"true\\" class=\\"microphone icon\\"></i><i aria-hidden=\\"true\\" class=\\"red circle top right corner icon\\"></i></i></button></div><div class=\\"column\\"><audio controlslist=\\"nodownload\\" controls=\\"\\"></audio></div></div></div>"`;

exports[`Render 3 1 2`] = `
<DocumentFragment>
  <div
    class="ui grid"
  >
    <div
      class="row ar__instructions"
    >
      <div
        class="column"
        tabindex="0"
      >
        Click the microphone to start recording
      </div>
    </div>
    <div
      class="two column row"
    >
      <div
        class="three wide column"
      >
        <button
          aria-label="Start recording"
          class="ui button ar__button"
        >
          <i
            class="big icons"
          >
            <i
              aria-hidden="true"
              class="circle outline large icon"
            />
            <i
              aria-hidden="true"
              class="microphone icon"
            />
            <i
              aria-hidden="true"
              class="red circle top right corner icon"
            />
          </i>
        </button>
      </div>
      <div
        class="column"
      >
        <audio
          controls=""
          controlslist="nodownload"
        />
      </div>
    </div>
  </div>
</DocumentFragment>
`;

exports[`Render 3 1 3`] = `
"<body>
  <div
    id=\\"root\\"
  />
  <div>
    <div
      class=\\"ui grid\\"
    >
      <div
        class=\\"row ar__instructions\\"
      >
        <div
          class=\\"column\\"
          tabindex=\\"0\\"
        >
          Click the microphone to start recording
        </div>
      </div>
      <div
        class=\\"two column row\\"
      >
        <div
          class=\\"three wide column\\"
        >
          <button
            aria-label=\\"Start recording\\"
            class=\\"ui button ar__button\\"
          >
            <i
              class=\\"big icons\\"
            >
              <i
                aria-hidden=\\"true\\"
                class=\\"circle outline large icon\\"
              />
              <i
                aria-hidden=\\"true\\"
                class=\\"microphone icon\\"
              />
              <i
                aria-hidden=\\"true\\"
                class=\\"red circle top right corner icon\\"
              />
            </i>
          </button>
        </div>
        <div
          class=\\"column\\"
        >
          <audio
            controls=\\"\\"
            controlslist=\\"nodownload\\"
          />
        </div>
      </div>
    </div>
  </div>
</body>"
`;

exports[`Render 3 1 4`] = `
"<body>
  <div
    id=\\"root\\"
  />
  <div>
    <div
      class=\\"ui grid\\"
    >
      <div
        class=\\"row ar__instructions\\"
      >
        <div
          class=\\"column\\"
          tabindex=\\"0\\"
        >
          Click the microphone to stop recording.
        </div>
      </div>
      <div
        class=\\"two column row\\"
      >
        <div
          class=\\"three wide column\\"
        >
          <button
            aria-label=\\"Stop recording\\"
            class=\\"ui button ar__button\\"
          >
            <i
              class=\\"big icons\\"
            >
              <i
                aria-hidden=\\"true\\"
                class=\\"circle notch large loading icon\\"
              />
              <i
                aria-hidden=\\"true\\"
                class=\\"microphone icon\\"
              />
              <i
                aria-hidden=\\"true\\"
                class=\\"red circle top right corner icon blink\\"
              />
            </i>
          </button>
        </div>
        <div
          class=\\"column\\"
        >
          <audio
            controls=\\"\\"
            controlslist=\\"nodownload\\"
          />
        </div>
      </div>
    </div>
    <div>
      @components/Slide/Components/AudioPrompt/Transcript
    </div>
  </div>
</body>"
`;

exports[`Render 3 1 5`] = `
"<body>
  <div
    id=\\"root\\"
  />
  <div>
    <div
      class=\\"ui grid\\"
    >
      <div
        class=\\"row ar__instructions\\"
      >
        <div
          class=\\"column\\"
          tabindex=\\"0\\"
        >
          Click the microphone to stop recording.
        </div>
      </div>
      <div
        class=\\"two column row\\"
      >
        <div
          class=\\"three wide column\\"
        >
          <button
            aria-label=\\"Stop recording\\"
            class=\\"ui button ar__button\\"
          >
            <i
              class=\\"big icons\\"
            >
              <i
                aria-hidden=\\"true\\"
                class=\\"circle notch large loading icon\\"
              />
              <i
                aria-hidden=\\"true\\"
                class=\\"microphone icon\\"
              />
              <i
                aria-hidden=\\"true\\"
                class=\\"red circle top right corner icon blink\\"
              />
            </i>
          </button>
        </div>
        <div
          class=\\"column\\"
        >
          <audio
            controls=\\"\\"
            controlslist=\\"nodownload\\"
          />
        </div>
      </div>
    </div>
    <div>
      @components/Slide/Components/AudioPrompt/Transcript
    </div>
  </div>
</body>"
`;

exports[`Render 3 1 6`] = `
"<body>
  <div
    id=\\"root\\"
  />
  <div>
    <div
      class=\\"ui grid\\"
    >
      <div
        class=\\"row ar__instructions\\"
      >
        <div
          class=\\"column\\"
          tabindex=\\"0\\"
        >
          Click the microphone to start recording
        </div>
      </div>
      <div
        class=\\"two column row\\"
      >
        <div
          class=\\"three wide column\\"
        >
          <button
            aria-label=\\"Start recording\\"
            class=\\"ui button ar__button\\"
          >
            <i
              class=\\"big icons\\"
            >
              <i
                aria-hidden=\\"true\\"
                class=\\"circle outline large icon\\"
              />
              <i
                aria-hidden=\\"true\\"
                class=\\"microphone icon\\"
              />
              <i
                aria-hidden=\\"true\\"
                class=\\"red circle top right corner icon\\"
              />
            </i>
          </button>
        </div>
        <div
          class=\\"column\\"
        >
          <audio
            controls=\\"\\"
            controlslist=\\"nodownload\\"
          />
        </div>
      </div>
    </div>
  </div>
</body>"
`;

exports[`Render 4 1 1`] = `"<div class=\\"ui grid\\"><div class=\\"row ar__instructions\\"><div tabindex=\\"0\\" class=\\"column\\">Click the microphone to start recording</div></div><div class=\\"two column row\\"><div class=\\"three wide column\\"><button aria-label=\\"Start recording\\" class=\\"ui button ar__button\\"><i class=\\"big icons\\"><i aria-hidden=\\"true\\" class=\\"circle outline large icon\\"></i><i aria-hidden=\\"true\\" class=\\"microphone icon\\"></i><i aria-hidden=\\"true\\" class=\\"red circle top right corner icon\\"></i></i></button></div><div class=\\"column\\"><audio controlslist=\\"nodownload\\" controls=\\"\\"></audio></div></div></div>"`;

exports[`Render 4 1 2`] = `
<DocumentFragment>
  <div
    class="ui grid"
  >
    <div
      class="row ar__instructions"
    >
      <div
        class="column"
        tabindex="0"
      >
        Click the microphone to start recording
      </div>
    </div>
    <div
      class="two column row"
    >
      <div
        class="three wide column"
      >
        <button
          aria-label="Start recording"
          class="ui button ar__button"
        >
          <i
            class="big icons"
          >
            <i
              aria-hidden="true"
              class="circle outline large icon"
            />
            <i
              aria-hidden="true"
              class="microphone icon"
            />
            <i
              aria-hidden="true"
              class="red circle top right corner icon"
            />
          </i>
        </button>
      </div>
      <div
        class="column"
      >
        <audio
          controls=""
          controlslist="nodownload"
        />
      </div>
    </div>
  </div>
</DocumentFragment>
`;

exports[`Render 4 1 3`] = `
"<body>
  <div
    id=\\"root\\"
  />
  <div>
    <div
      class=\\"ui grid\\"
    >
      <div
        class=\\"row ar__instructions\\"
      >
        <div
          class=\\"column\\"
          tabindex=\\"0\\"
        >
          Click the microphone to start recording
        </div>
      </div>
      <div
        class=\\"two column row\\"
      >
        <div
          class=\\"three wide column\\"
        >
          <button
            aria-label=\\"Start recording\\"
            class=\\"ui button ar__button\\"
          >
            <i
              class=\\"big icons\\"
            >
              <i
                aria-hidden=\\"true\\"
                class=\\"circle outline large icon\\"
              />
              <i
                aria-hidden=\\"true\\"
                class=\\"microphone icon\\"
              />
              <i
                aria-hidden=\\"true\\"
                class=\\"red circle top right corner icon\\"
              />
            </i>
          </button>
        </div>
        <div
          class=\\"column\\"
        >
          <audio
            controls=\\"\\"
            controlslist=\\"nodownload\\"
          />
        </div>
      </div>
    </div>
  </div>
</body>"
`;

exports[`Render 5 1 1`] = `
<DocumentFragment>
  <div
    class="ui grid"
  >
    <div
      class="row ar__instructions"
    >
      <div
        class="column"
        tabindex="0"
      >
        Click the microphone to start recording
      </div>
    </div>
    <div
      class="two column row"
    >
      <div
        class="three wide column"
      >
        <button
          aria-label="Start recording"
          class="ui button ar__button"
        >
          <i
            class="big icons"
          >
            <i
              aria-hidden="true"
              class="circle outline large icon"
            />
            <i
              aria-hidden="true"
              class="microphone icon"
            />
            <i
              aria-hidden="true"
              class="red circle top right corner icon"
            />
          </i>
        </button>
      </div>
      <div
        class="column"
      >
        <audio
          controls=""
          controlslist="nodownload"
        />
      </div>
    </div>
  </div>
</DocumentFragment>
`;

exports[`Render 6 1 1`] = `
<DocumentFragment>
  <div
    class="ui grid"
  >
    <div
      class="row ar__instructions"
    >
      <div
        class="column"
        tabindex="0"
      >
        Click the microphone to start recording
      </div>
    </div>
    <div
      class="two column row"
    >
      <div
        class="three wide column"
      >
        <button
          aria-label="Start recording"
          class="ui button ar__button"
        >
          <i
            class="big icons"
          >
            <i
              aria-hidden="true"
              class="circle outline large icon"
            />
            <i
              aria-hidden="true"
              class="microphone icon"
            />
            <i
              aria-hidden="true"
              class="red circle top right corner icon"
            />
          </i>
        </button>
      </div>
      <div
        class="column"
      >
        <audio
          controls=""
          controlslist="nodownload"
        />
      </div>
    </div>
  </div>
</DocumentFragment>
`;

exports[`Render 7 1 1`] = `
<DocumentFragment>
  <div
    class="ui grid"
  >
    <div
      class="row ar__instructions"
    >
      <div
        class="column"
        tabindex="0"
      >
        Click the microphone to start recording
      </div>
    </div>
    <div
      class="two column row"
    >
      <div
        class="three wide column"
      >
        <button
          aria-label="Start recording"
          class="ui button ar__button"
        >
          <i
            class="big icons"
          >
            <i
              aria-hidden="true"
              class="circle outline large icon"
            />
            <i
              aria-hidden="true"
              class="microphone icon"
            />
            <i
              aria-hidden="true"
              class="red circle top right corner icon"
            />
          </i>
        </button>
      </div>
      <div
        class="column"
      >
        <audio
          controls=""
          controlslist="nodownload"
        />
      </div>
    </div>
  </div>
</DocumentFragment>
`;

exports[`Render 8 1 1`] = `
<DocumentFragment>
  <div
    class="ui grid"
  >
    <div
      class="row ar__instructions"
    >
      <div
        class="column"
        tabindex="0"
      >
        Click the microphone to start recording
      </div>
    </div>
    <div
      class="two column row"
    >
      <div
        class="three wide column"
      >
        <button
          aria-label="Start recording"
          class="ui button ar__button"
        >
          <i
            class="big icons"
          >
            <i
              aria-hidden="true"
              class="circle outline large icon"
            />
            <i
              aria-hidden="true"
              class="microphone icon"
            />
            <i
              aria-hidden="true"
              class="red circle top right corner icon"
            />
          </i>
        </button>
      </div>
      <div
        class="column"
      >
        <audio
          controls=""
          controlslist="nodownload"
        />
      </div>
    </div>
  </div>
</DocumentFragment>
`;

exports[`Render 9 1 1`] = `
<DocumentFragment>
  <div
    class="ui grid"
  >
    <div
      class="row ar__instructions"
    >
      <div
        class="column"
        tabindex="0"
      >
        Click the microphone to start recording
      </div>
    </div>
    <div
      class="two column row"
    >
      <div
        class="three wide column"
      >
        <button
          aria-label="Start recording"
          class="ui button ar__button"
        >
          <i
            class="big icons"
          >
            <i
              aria-hidden="true"
              class="circle outline large icon"
            />
            <i
              aria-hidden="true"
              class="microphone icon"
            />
            <i
              aria-hidden="true"
              class="red circle top right corner icon"
            />
          </i>
        </button>
      </div>
      <div
        class="column"
      >
        <audio
          controls=""
          controlslist="nodownload"
        />
      </div>
    </div>
  </div>
</DocumentFragment>
`;

exports[`Render 10 1 1`] = `
<DocumentFragment>
  <div
    class="ui grid"
  >
    <div
      class="two column row"
    >
      <div
        class="three wide column"
      >
        <button
          aria-label="Start recording"
          class="ui button ar__button"
        >
          <i
            class="big icons"
          >
            <i
              aria-hidden="true"
              class="circle outline large icon"
            />
            <i
              aria-hidden="true"
              class="microphone icon"
            />
            <i
              aria-hidden="true"
              class="red circle top right corner icon"
            />
          </i>
        </button>
      </div>
      <div
        class="column"
      >
        <audio
          controls=""
          controlslist="nodownload"
        />
      </div>
    </div>
  </div>
</DocumentFragment>
`;

exports[`Render 11 1 1`] = `
<DocumentFragment>
  <div
    class="ui grid"
  >
    <div
      class="two column row"
    >
      <div
        class="three wide column"
      >
        <button
          aria-label="Start recording"
          class="ui button ar__button"
        >
          <i
            class="big icons"
          >
            <i
              aria-hidden="true"
              class="circle outline large icon"
            />
            <i
              aria-hidden="true"
              class="microphone icon"
            />
            <i
              aria-hidden="true"
              class="red circle top right corner icon"
            />
          </i>
        </button>
      </div>
      <div
        class="column"
      >
        <audio
          controls=""
          controlslist="nodownload"
        />
      </div>
    </div>
  </div>
  <div>
    @components/Slide/Components/AudioPrompt/Transcript
  </div>
</DocumentFragment>
`;

exports[`Render 12 1 1`] = `
<DocumentFragment>
  <div
    class="ui grid"
  >
    <div
      class="two column row"
    >
      <div
        class="three wide column"
      >
        <button
          aria-label="Stop recording"
          class="ui button ar__button"
        >
          <i
            class="big icons"
          >
            <i
              aria-hidden="true"
              class="circle notch large loading icon"
            />
            <i
              aria-hidden="true"
              class="microphone icon"
            />
            <i
              aria-hidden="true"
              class="red circle top right corner icon blink"
            />
          </i>
        </button>
      </div>
      <div
        class="column"
      >
        <audio
          controls=""
          controlslist="nodownload"
        />
      </div>
    </div>
  </div>
  <div>
    @components/Slide/Components/AudioPrompt/Transcript
  </div>
</DocumentFragment>
`;

exports[`Render 13 1 1`] = `"<div class=\\"ui grid\\"><div class=\\"two column row\\"><div class=\\"three wide column\\"><button aria-label=\\"Start recording\\" class=\\"ui button ar__button\\"><i class=\\"big icons\\"><i aria-hidden=\\"true\\" class=\\"circle outline large icon\\"></i><i aria-hidden=\\"true\\" class=\\"microphone icon\\"></i><i aria-hidden=\\"true\\" class=\\"red circle top right corner icon\\"></i></i></button></div><div class=\\"column\\"><audio controlslist=\\"nodownload\\" controls=\\"\\"></audio></div></div></div>"`;

exports[`Render 13 1 2`] = `
<DocumentFragment>
  <div
    class="ui grid"
  >
    <div
      class="two column row"
    >
      <div
        class="three wide column"
      >
        <button
          aria-label="Start recording"
          class="ui button ar__button"
        >
          <i
            class="big icons"
          >
            <i
              aria-hidden="true"
              class="circle outline large icon"
            />
            <i
              aria-hidden="true"
              class="microphone icon"
            />
            <i
              aria-hidden="true"
              class="red circle top right corner icon"
            />
          </i>
        </button>
      </div>
      <div
        class="column"
      >
        <audio
          controls=""
          controlslist="nodownload"
        />
      </div>
    </div>
  </div>
</DocumentFragment>
`;

exports[`Render 13 1 3`] = `
"<body>
  <div
    id=\\"root\\"
  />
  <div>
    <div
      class=\\"ui grid\\"
    >
      <div
        class=\\"two column row\\"
      >
        <div
          class=\\"three wide column\\"
        >
          <button
            aria-label=\\"Start recording\\"
            class=\\"ui button ar__button\\"
          >
            <i
              class=\\"big icons\\"
            >
              <i
                aria-hidden=\\"true\\"
                class=\\"circle outline large icon\\"
              />
              <i
                aria-hidden=\\"true\\"
                class=\\"microphone icon\\"
              />
              <i
                aria-hidden=\\"true\\"
                class=\\"red circle top right corner icon\\"
              />
            </i>
          </button>
        </div>
        <div
          class=\\"column\\"
        >
          <audio
            controls=\\"\\"
            controlslist=\\"nodownload\\"
          />
        </div>
      </div>
    </div>
  </div>
</body>"
`;

exports[`Render 14 1 1`] = `
<DocumentFragment>
  <div
    class="ui grid"
  >
    <div
      class="two column row"
    >
      <div
        class="three wide column"
      >
        <button
          aria-label="Start recording"
          class="ui button ar__button"
        >
          <i
            class="big icons"
          >
            <i
              aria-hidden="true"
              class="circle outline large icon"
            />
            <i
              aria-hidden="true"
              class="microphone icon"
            />
            <i
              aria-hidden="true"
              class="red circle top right corner icon"
            />
          </i>
        </button>
      </div>
      <div
        class="column"
      >
        <audio
          controls=""
          controlslist="nodownload"
        />
      </div>
    </div>
  </div>
</DocumentFragment>
`;

exports[`Render 15 1 1`] = `
<DocumentFragment>
  <div
    class="ui grid"
  >
    <div
      class="two column row"
    >
      <div
        class="three wide column"
      >
        <button
          aria-label="Start recording"
          class="ui button ar__button"
        >
          <i
            class="big icons"
          >
            <i
              aria-hidden="true"
              class="circle outline large icon"
            />
            <i
              aria-hidden="true"
              class="microphone icon"
            />
            <i
              aria-hidden="true"
              class="red circle top right corner icon"
            />
          </i>
        </button>
      </div>
      <div
        class="column"
      >
        <audio
          controls=""
          controlslist="nodownload"
        />
      </div>
    </div>
  </div>
</DocumentFragment>
`;

exports[`Render 16 1 1`] = `
<DocumentFragment>
  <div
    class="ui grid"
  >
    <div
      class="two column row"
    >
      <div
        class="three wide column"
      >
        <button
          aria-label="Start recording"
          class="ui button ar__button"
        >
          <i
            class="big icons"
          >
            <i
              aria-hidden="true"
              class="circle outline large icon"
            />
            <i
              aria-hidden="true"
              class="microphone icon"
            />
            <i
              aria-hidden="true"
              class="red circle top right corner icon"
            />
          </i>
        </button>
      </div>
      <div
        class="column"
      >
        <audio
          controls=""
          controlslist="nodownload"
        />
      </div>
    </div>
  </div>
</DocumentFragment>
`;
