// Jest Snapshot v1, https://goo.gl/fbAQLP

exports[`Render 1 1 1`] = `
<DocumentFragment>
  <i
    aria-label="Participant Suggestion"
    class="info icon"
  />
  <span
    class="ser__component-name"
  >
    Participant Suggestion
  </span>
</DocumentFragment>
`;
