// Jest Snapshot v1, https://goo.gl/fbAQLP

exports[`Card 1`] = `"<i aria-label=\\"Prompt: Choose Next Slide\\" class=\\"fork clockwise rotated icon\\"></i><span class=\\"ser__component-name\\">Prompt: Choose Next Slide</span>"`;

exports[`Card 2`] = `"<i aria-label=\\"Prompt: Choose Next Slide\\" class=\\"fork clockwise rotated icon\\"></i><span class=\\"ser__component-name\\">Prompt: Choose Next Slide</span>"`;

exports[`Card 3`] = `
<DocumentFragment>
  <i
    aria-label="Prompt: Choose Next Slide"
    class="fork clockwise rotated icon"
  />
  <span
    class="ser__component-name"
  >
    Prompt: Choose Next Slide
  </span>
</DocumentFragment>
`;
