// Jest Snapshot v1, https://goo.gl/fbAQLP

exports[`Card 1`] = `"<i aria-label=\\"Embed Previous Response\\" class=\\"comment alternate outline icon\\"></i><span class=\\"ser__component-name\\">Embed Previous Response</span>"`;

exports[`Card 2`] = `"<i aria-label=\\"Embed Previous Response\\" class=\\"comment alternate outline icon\\"></i><span class=\\"ser__component-name\\">Embed Previous Response</span>"`;

exports[`Card 3`] = `
<DocumentFragment>
  <i
    aria-label="Embed Previous Response"
    class="comment alternate outline icon"
  />
  <span
    class="ser__component-name"
  >
    Embed Previous Response
  </span>
</DocumentFragment>
`;
