// Jest Snapshot v1, https://goo.gl/fbAQLP

exports[`Render 1 1 1`] = `
<DocumentFragment>
  <i
    aria-label="Prompt: Choose Next Slide"
    class="fork clockwise rotated icon"
  />
  <span
    class="ser__component-name"
  >
    Prompt: Choose Next Slide
  </span>
</DocumentFragment>
`;
