// Jest Snapshot v1, https://goo.gl/fbAQLP

exports[`Card 1`] = `"<i aria-label=\\"Prompt: Audio Input\\" class=\\"microphone icon\\"></i><span class=\\"ser__component-name\\">Prompt: Audio Input</span>"`;

exports[`Card 2`] = `"<i aria-label=\\"Prompt: Audio Input\\" class=\\"microphone icon\\"></i><span class=\\"ser__component-name\\">Prompt: Audio Input</span>"`;

exports[`Card 3`] = `
<DocumentFragment>
  <i
    aria-label="Prompt: Audio Input"
    class="microphone icon"
  />
  <span
    class="ser__component-name"
  >
    Prompt: Audio Input
  </span>
</DocumentFragment>
`;
