// Jest Snapshot v1, https://goo.gl/fbAQLP

exports[`Card 1`] = `"<i aria-label=\\"Prompt: Multiple Buttons\\" class=\\"hand pointer outline icon\\"></i><span class=\\"ser__component-name\\">Prompt: Multiple Buttons</span>"`;

exports[`Card 2`] = `"<i aria-label=\\"Prompt: Multiple Buttons\\" class=\\"hand pointer outline icon\\"></i><span class=\\"ser__component-name\\">Prompt: Multiple Buttons</span>"`;

exports[`Card 3`] = `
<DocumentFragment>
  <i
    aria-label="Prompt: Multiple Buttons"
    class="hand pointer outline icon"
  />
  <span
    class="ser__component-name"
  >
    Prompt: Multiple Buttons
  </span>
</DocumentFragment>
`;
