// Jest Snapshot v1, https://goo.gl/fbAQLP

exports[`Render 1 1 1`] = `
<DocumentFragment>
  <i
    aria-label="Embed Previous Response"
    class="comment alternate outline icon"
  />
  <span
    class="ser__component-name"
  >
    Embed Previous Response
  </span>
</DocumentFragment>
`;
