// Jest Snapshot v1, https://goo.gl/fbAQLP

exports[`Render 1 1 1`] = `
<DocumentFragment>
  <i
    aria-label="Rich Text Editor"
    class="edit icon"
  />
  <span
    class="ser__component-name"
  >
    Rich Text Editor
  </span>
</DocumentFragment>
`;
