// Jest Snapshot v1, https://goo.gl/fbAQLP

exports[`Render 1 1 1`] = `
<DocumentFragment>
  <i
    aria-label="Prompt: Multiple Buttons"
    class="hand pointer outline icon"
  />
  <span
    class="ser__component-name"
  >
    Prompt: Multiple Buttons
  </span>
</DocumentFragment>
`;
