// Jest Snapshot v1, https://goo.gl/fbAQLP

exports[`Render 1 1 1`] = `
<DocumentFragment>
  <div
    class="field"
  >
    <label>
      Optional AI agent to engage in this discussion:
    </label>
    <div
      aria-expanded="false"
      aria-label="Select an agent"
      class="ui fluid search selection scrolling dropdown"
      role="combobox"
    >
      <input
        aria-autocomplete="list"
        autocomplete="off"
        class="search"
        tabindex="0"
        type="text"
        value=""
      />
      <div
        aria-atomic="true"
        aria-live="polite"
        class="divider default text"
        role="alert"
      >
        Select an agent
      </div>
      <i
        aria-hidden="true"
        class="dropdown icon"
      />
      <div
        class="menu transition"
        role="listbox"
      >
        <div
          aria-checked="false"
          aria-selected="true"
          class="selected item"
          role="option"
          style="pointer-events: all;"
        >
          <span
            class="text"
          >
            No selection
          </span>
        </div>
      </div>
    </div>
  </div>
</DocumentFragment>
`;
