// Jest Snapshot v1, https://goo.gl/fbAQLP

exports[`Card 1`] = `"<i aria-label=\\"Rich Text Editor\\" class=\\"edit icon\\"></i><span class=\\"ser__component-name\\">Rich Text Editor</span>"`;

exports[`Card 2`] = `"<i aria-label=\\"Rich Text Editor\\" class=\\"edit icon\\"></i><span class=\\"ser__component-name\\">Rich Text Editor</span>"`;

exports[`Card 3`] = `
<DocumentFragment>
  <i
    aria-label="Rich Text Editor"
    class="edit icon"
  />
  <span
    class="ser__component-name"
  >
    Rich Text Editor
  </span>
</DocumentFragment>
`;
