// Jest Snapshot v1, https://goo.gl/fbAQLP

exports[`Render 1 1 1`] = `
<DocumentFragment>
  <i
    aria-label="Prompt: Conversation"
    class="conversation icon"
  />
  <span
    class="ser__component-name"
  >
    Prompt: Conversation
  </span>
</DocumentFragment>
`;
