// Jest Snapshot v1, https://goo.gl/fbAQLP

exports[`Render 1 1 1`] = `
<DocumentFragment>
  <form
    class="ui form"
  >
    <div
      class="ui fluid container"
    >
      <div
        class="field"
      >
        <label>
          Optional prompt to display before the audio recording controls:
        </label>
        <textarea
          name="prompt"
          rows="1"
        />
      </div>
      <div
        class="field"
      >
        <label>
          Optional AI agent to receive audio and transcript:
        </label>
        <div
          aria-expanded="false"
          aria-label="Select an agent"
          class="ui fluid search selection scrolling dropdown"
          role="combobox"
        >
          <input
            aria-autocomplete="list"
            autocomplete="off"
            class="search"
            tabindex="0"
            type="text"
            value=""
          />
          <div
            aria-atomic="true"
            aria-live="polite"
            class="divider default text"
            role="alert"
          >
            Select an agent
          </div>
          <i
            aria-hidden="true"
            class="dropdown icon"
          />
          <div
            class="menu transition"
            role="listbox"
          >
            <div
              aria-checked="false"
              aria-selected="true"
              class="selected item"
              role="option"
              style="pointer-events: all;"
            >
              <span
                class="text"
              >
                No selection
              </span>
            </div>
          </div>
        </div>
      </div>
      <div
        class="ui red message"
      >
        <div
          class="content"
        >
          <div
            class="required field"
          >
            <label>
              Data header
            </label>
            <div
              class="ui input"
            >
              <input
                name="header"
                required=""
                type="text"
                value=""
              />
            </div>
          </div>
          This will only appear in data downloads, as the column header or row name.
        </div>
      </div>
      <div
        class="ui orange icon message"
      >
        <i
          aria-hidden="true"
          class="warning sign icon"
        />
        <div
          class="content"
        >
          <p>
            This component will fallback to a text input prompt when the participant's browser or device does not support audio recording.
          </p>
        </div>
      </div>
    </div>
  </form>
</DocumentFragment>
`;
