// Jest Snapshot v1, https://goo.gl/fbAQLP

exports[`Card 1`] = `"<i aria-label=\\"Prompt: Conversation\\" class=\\"conversation icon\\"></i><span class=\\"ser__component-name\\">Prompt: Conversation</span>"`;

exports[`Card 2`] = `"<i aria-label=\\"Prompt: Conversation\\" class=\\"conversation icon\\"></i><span class=\\"ser__component-name\\">Prompt: Conversation</span>"`;

exports[`Card 3`] = `
<DocumentFragment>
  <i
    aria-label="Prompt: Conversation"
    class="conversation icon"
  />
  <span
    class="ser__component-name"
  >
    Prompt: Conversation
  </span>
</DocumentFragment>
`;
